../Core/Src/main.c:67:6:WriteConfig	56	static
../Core/Src/main.c:87:10:FlashRead	16	static
../Core/Src/main.c:91:6:ReadConfig	16	static
../Core/Src/main.c:103:6:CheckLineState	24	static
../Core/Src/main.c:110:7:S_Parser	24	static
../Core/Src/main.c:131:6:HAL_UART_RxCpltCallback	32	static
../Core/Src/main.c:158:5:main	24	static
../Core/Src/main.c:211:6:SystemClock_Config	112	static
../Core/Src/main.c:250:13:MX_USART1_UART_Init	8	static
../Core/Src/main.c:283:13:MX_GPIO_Init	48	static
../Core/Src/main.c:310:6:Error_Handler	8	static,ignoring_inline_asm
